[yummi-theme.myshopify.com/index.html]
[cdn.shopify.com/s/files/1/0267/5979/0615/t/3/assets/favicon31d7.png]
[backblue.gif]
[fade.gif]
[index.html]
[cdn.shopify.com/s/files/1/0267/5979/0615/t/3/assets/logo6378.png]
[cdn.shopify.com/s/files/1/0267/5979/0615/t/3/assets/frame.scss9c6b.css]
[cdn.shopify.com/s/files/1/0267/5979/0615/t/3/assets/home-sections.scss18a4.css]
[cdn.shopify.com/s/files/1/0267/5979/0615/t/3/assets/style0c78.css]
[cdn.shopify.com/s/files/1/0267/5979/0615/t/3/assets/prettyPhotode1c.css]
[cdn.shopify.com/s/files/1/0267/5979/0615/t/3/assets/animatea14e.css]
[cdn.shopify.com/s/files/1/0267/5979/0615/t/3/assets/font-all.minc83d.css]
[ajax.googleapis.com/ajax/libs/jquery/1.8.1/jquery.min.js]
[cdn.shopify.com/s/files/1/0267/5979/0615/t/3/assets/loading9491.gif]
[cdn.shopify.com/s/files/1/0267/5979/0615/t/3/assets/header6070.js]
[code.jquery.com/jquery-3.2.1.min.js]
[yummi-theme.myshopify.com/POST.c.delayed]
[cdn.shopify.com/shopifycloud/shopify/assets/shop_events_listener-619dded2976e732c6d885de654a8af094bc28e3148dfe9ab8b320781402596b6.js]
[cdn.shopify.com/shopifycloud/storefront-recaptcha-v3/v0.1/index.js]
[cdn.shopify.com/s/trekkie.storefront.9eb212b15c3b6eb17e411acdf9adea4f6c40523e.min.js]
[cdn.shopify.com/shopifycloud/shopify/assets/storefront/load_feature-d8a6f1446d67009c524ed4e68648800ba9082eb75548ee28e1050331cbe7ba28.js]
[cdn.shopify.com/s/files/1/0267/5979/0615/t/3/compiled_assets/styles18a4.css]
[cdn.shopify.com/shopifycloud/boomerang/shopify-boomerang-1.0.0.min.js]
[cdn.shopify.com/s/files/1/0267/5979/0615/t/3/compiled_assets/scripts18a4.js]
[cdn.shopify.com/shopifycloud/shopify/assets/storefront/features-87e8399988880142f2c62771b9d8f2ff6c290b3ff745dd426eb0dfe0db9d1dae.js]
[cdn.shopify.com/s/files/1/0267/5979/0615/t/3/assets/i-currency-1ad35.png]
[cdn.shopify.com/s/files/1/0267/5979/0615/t/3/assets/i-currency-2b66c.png]
[cdn.shopify.com/s/files/1/0267/5979/0615/t/3/assets/i-currency-33373.png]
[cdn.shopify.com/s/files/1/0267/5979/0615/t/3/assets/i-currency-410aa.png]
[yummi-theme.myshopify.com/collections/indian.html]
[yummi-theme.myshopify.com/products/chicken-popcorn.html]
[yummi-theme.myshopify.com/products/cobb-salad.html]
[yummi-theme.myshopify.com/products/english-breakfast.html]
[yummi-theme.myshopify.com/products/galouti-kebab.html]
[yummi-theme.myshopify.com/products/garlic-prime-rib.html]
[yummi-theme.myshopify.com/products/beef-steaks.html]
[yummi-theme.myshopify.com/products/thai-tom-yum-soup.html]
[yummi-theme.myshopify.com/products/buldak.html]
[yummi-theme.myshopify.com/products/creamed-chipped-beef.html]
[yummi-theme.myshopify.com/products/creamy-vegetable-salad.html]
[yummi-theme.myshopify.com/products/crispy-chicken-wings.html]
[yummi-theme.myshopify.com/products/fried-egg-sausage.html]
[yummi-theme.myshopify.com/products/grilled-fish-with-chips.html]
[yummi-theme.myshopify.com/products/mexican-black-bean-salad.html]
[yummi-theme.myshopify.com/products/risotto.html]
[yummi-theme.myshopify.com/products/salisbury-steak.html]
[yummi-theme.myshopify.com/products/scrambled-eggs.html]
[yummi-theme.myshopify.com/products/spaghetti-aglio.html]
[yummi-theme.myshopify.com/products/greek-salad.html]
[yummi-theme.myshopify.com/products/green-chicken-salad.html]
[cdn.shopify.com/s/files/1/0267/5979/0615/files/mega-menu-2-2_8023497b-5e3b-4967-93ee-cb9c8fcd3328_270x0614.jpg]
[yummi-theme.myshopify.com/products/penne-alla-vodka.html]
[cdn.shopify.com/s/files/1/0267/5979/0615/files/mega-menu-2-1_e82b8266-a555-426b-9b78-59d10dc54976_270x9928.jpg]
[cdn.shopify.com/s/files/1/0267/5979/0615/files/1_4_270x7beb.jpg]
[cdn.shopify.com/s/files/1/0267/5979/0615/products/shop-2_largeaec4.jpg]
[yummi-theme.myshopify.com/collections/italian.html]
[cdn.shopify.com/s/files/1/0267/5979/0615/files/mega-menu-4_a9137f22-1e2f-49a1-a86b-e4e71e9696a4_270xa77e.jpg]
[yummi-theme.myshopify.com/collections/all.html]
[yummi-theme.myshopify.com/collections/thai.html]
[cdn.shopify.com/s/files/1/0267/5979/0615/files/2_7e09f186-a094-4b19-8cfd-28b82a4e7b10_250x3619.jpg]
[yummi-theme.myshopify.com/collections/fujian-cuisines.html]
[yummi-theme.myshopify.com/collections/chinese.html]
[cdn.shopify.com/s/files/1/0267/5979/0615/collections/shop-20_210x0542.jpg]
[yummi-theme.myshopify.com/collections/shandong-cuisine.html]
[cdn.shopify.com/s/files/1/0267/5979/0615/collections/shop-8_210x264d.jpg]
[yummi-theme.myshopify.com/collections/sichuan-cuisine.html]
[cdn.shopify.com/s/files/1/0267/5979/0615/collections/shop-11_210xe3bf.jpg]
[cdn.shopify.com/s/files/1/0267/5979/0615/collections/shop-22_210xc4eb.jpg]
[yummi-theme.myshopify.com/collections/hunan-cuisines.html]
[cdn.shopify.com/s/files/1/0267/5979/0615/collections/shop-16_210xba8f.jpg]
[cdn.shopify.com/s/files/1/0267/5979/0615/files/2_750xcbe2.png]
[cdn.shopify.com/s/files/1/0267/5979/0615/files/1_750xf233.png]
[yummi-theme.myshopify.com/collections/menus.html]
[yummi-theme.myshopify.com/pages/about.html]
[yummi-theme.myshopify.com/blogs/news.html]
[yummi-theme.myshopify.com/pages/faqs.html]
[yummi-theme.myshopify.com/pages/contact-us.html]
[yummi-theme.myshopify.com/pages/wishlist.html]
[yummi-theme.myshopify.com/account/login.html]
[yummi-theme.myshopify.com/account/register.html]
[cdn.shopify.com/s/files/1/0267/5979/0615/files/slide1-bg_2000x75b3.jpg]
[yummi-theme.myshopify.com/search.html]
[cdn.shopify.com/s/files/1/0267/5979/0615/files/slide1-bg-responsive_767x34af.jpg]
[cdn.shopify.com/s/files/1/0267/5979/0615/files/slide2-bg_2000x2798.jpg]
[cdn.shopify.com/s/files/1/0267/5979/0615/files/slide2-bg-responsive_767x21eb.jpg]
[cdn.shopify.com/s/files/1/0267/5979/0615/files/divider_1_1920X0397.png]
[cdn.shopify.com/s/files/1/0267/5979/0615/files/icon-6_60x6051ca.png]
[cdn.shopify.com/s/files/1/0267/5979/0615/files/icon-5_60x60a622.png]
[cdn.shopify.com/s/files/1/0267/5979/0615/files/icon-1_60x60dacb.png]
[cdn.shopify.com/s/files/1/0267/5979/0615/files/middle-img_475x5588c3f.png]
[cdn.shopify.com/s/files/1/0267/5979/0615/files/icon-4_60x604725.png]
[cdn.shopify.com/s/files/1/0267/5979/0615/files/icon-3_60x60da99.png]
[cdn.shopify.com/s/files/1/0267/5979/0615/files/icon-2_60x6030f4.png]
[cdn.shopify.com/s/files/1/0267/5979/0615/files/signature_170x1100c21.png]
[cdn.shopify.com/s/files/1/0267/5979/0615/files/bg-img-1_1500e.png]
[cdn.shopify.com/s/files/1/0267/5979/0615/files/img-166b1.jpg]
[cdn.shopify.com/s/files/1/0267/5979/0615/files/img-2_12828.jpg]
[cdn.shopify.com/s/files/1/0267/5979/0615/files/img-3_105be.jpg]
[cdn.shopify.com/s/files/1/0267/5979/0615/files/icon-7_c08b5cdb-f091-48b2-93c1-e09b38cca5f1_70xa3bd.png]
[cdn.shopify.com/s/files/1/0267/5979/0615/files/icon-8_3fa55acb-a7d3-4358-9a71-260d4a3d61ae_70x1ca4.png]
[cdn.shopify.com/s/files/1/0267/5979/0615/files/icon-9_70x4b46.png]
[cdn.shopify.com/s/files/1/0267/5979/0615/files/icon-10_70x1d67.png]
[cdn.shopify.com/s/files/1/0267/5979/0615/files/bg-2_1920X15fb.jpg]
[cdn.shopify.com/s/files/1/0267/5979/0615/t/3/assets/swiper8255.css]
[cdn.shopify.com/s/files/1/0267/5979/0615/files/background-16147.png]
[cdn.shopify.com/s/files/1/0267/5979/0615/t/3/assets/swiperd39e.js]
[cdn.shopify.com/s/files/1/0267/5979/0615/products/shop-3_large189d.jpg]
[yummi-theme.myshopify.com/collections/indian/products/salisbury-steak.html]
[yummi-theme.myshopify.com/salisbury-steak]
[cdn.shopify.com/s/files/1/0267/5979/0615/products/shop-7_largea81d.jpg]
[yummi-theme.myshopify.com/collections/indian/products/english-breakfast.html]
[yummi-theme.myshopify.com/english-breakfast]
[cdn.shopify.com/s/files/1/0267/5979/0615/products/shop-4_largef5ee.jpg]
[yummi-theme.myshopify.com/collections/indian/products/buldak.html]
[yummi-theme.myshopify.com/buldak]
[cdn.shopify.com/s/files/1/0267/5979/0615/products/shop-8_large31ad.jpg]
[yummi-theme.myshopify.com/collections/indian/products/greek-salad.html]
[yummi-theme.myshopify.com/greek-salad]
[cdn.shopify.com/s/files/1/0267/5979/0615/products/shop-5_large9c03.jpg]
[yummi-theme.myshopify.com/collections/indian/products/garlic-prime-rib.html]
[yummi-theme.myshopify.com/garlic-prime-rib.74.delayed]
[cdn.shopify.com/s/files/1/0267/5979/0615/products/shop-9_largee05f.jpg]
[yummi-theme.myshopify.com/collections/indian/products/crispy-chicken-wings.html]
[yummi-theme.myshopify.com/crispy-chicken-wings]
[cdn.shopify.com/s/files/1/0267/5979/0615/products/shop-6_large8d03.jpg]
[yummi-theme.myshopify.com/collections/indian/products/creamed-chipped-beef.html]
[yummi-theme.myshopify.com/creamed-chipped-beef.7a.delayed]
[cdn.shopify.com/s/files/1/0267/5979/0615/products/shop-10_largef98b.jpg]
[yummi-theme.myshopify.com/collections/indian/products/mexican-black-bean-salad.html]
[yummi-theme.myshopify.com/mexican-black-bean-salad]
[cdn.shopify.com/s/files/1/0267/5979/0615/products/shop-13_large35de.jpg]
[yummi-theme.myshopify.com/collections/indian/products/chicken-popcorn.html]
[yummi-theme.myshopify.com/chicken-popcorn]
[cdn.shopify.com/s/files/1/0267/5979/0615/products/shop-20_large20a8.jpg]
[yummi-theme.myshopify.com/collections/indian/products/spaghetti-aglio.html]
[yummi-theme.myshopify.com/spaghetti-aglio]
[cdn.shopify.com/s/files/1/0267/5979/0615/products/shop-19_largea387.jpg]
[yummi-theme.myshopify.com/collections/indian/products/creamy-vegetable-salad.html]
[yummi-theme.myshopify.com/creamy-vegetable-salad]
[cdn.shopify.com/s/files/1/0267/5979/0615/products/shop-18_large57ec.jpg]
[yummi-theme.myshopify.com/collections/indian/products/galouti-kebab.html]
[yummi-theme.myshopify.com/galouti-kebab]
[cdn.shopify.com/s/files/1/0267/5979/0615/products/shop-17_large7bae.jpg]
[yummi-theme.myshopify.com/collections/indian/products/cobb-salad.html]
[yummi-theme.myshopify.com/cobb-salad]
[cdn.shopify.com/s/files/1/0267/5979/0615/products/shop-16_large97c2.jpg]
[yummi-theme.myshopify.com/collections/indian/products/rigatoni-alla-carbonara.html]
[yummi-theme.myshopify.com/rigatoni-alla-carbonara]
[cdn.shopify.com/s/files/1/0267/5979/0615/products/shop-15_largeaa9c.jpg]
[yummi-theme.myshopify.com/collections/indian/products/penne-alla-vodka.html]
[yummi-theme.myshopify.com/penne-alla-vodka]
[cdn.shopify.com/s/files/1/0267/5979/0615/products/shop-12_larged397.jpg]
[yummi-theme.myshopify.com/collections/indian/products/grilled-fish-with-chips.html]
[yummi-theme.myshopify.com/grilled-fish-with-chips]
[cdn.shopify.com/s/files/1/0267/5979/0615/products/shop-11_largeaca2.jpg]
[yummi-theme.myshopify.com/collections/indian/products/green-chicken-salad.html]
[yummi-theme.myshopify.com/green-chicken-salad]
[yummi-theme.myshopify.com/collections/indian/products/beef-steaks.html]
[yummi-theme.myshopify.com/beef-steaks]
[cdn.shopify.com/s/files/1/0267/5979/0615/products/shop-1_largeebce.jpg]
[yummi-theme.myshopify.com/collections/indian/products/fried-egg-sausage.html]
[yummi-theme.myshopify.com/fried-egg-sausage]
[cdn.shopify.com/s/files/1/0267/5979/0615/products/shop-14_large73d1.jpg]
[yummi-theme.myshopify.com/collections/indian/products/risotto.html]
[yummi-theme.myshopify.com/risotto]
[cdn.shopify.com/s/files/1/0267/5979/0615/products/shop-22_largec8e0.jpg]
[yummi-theme.myshopify.com/collections/italian/products/scrambled-eggs.html]
[yummi-theme.myshopify.com/scrambled-eggs]
[cdn.shopify.com/s/files/1/0267/5979/0615/products/shop-21_large49d0.jpg]
[yummi-theme.myshopify.com/collections/italian/products/thai-tom-yum-soup.html]
[yummi-theme.myshopify.com/thai-tom-yum-soup]
[yummi-theme.myshopify.com/collections/italian/products/spaghetti-aglio.html]
[yummi-theme.myshopify.com/collections/italian/products/rigatoni-alla-carbonara.html]
[yummi-theme.myshopify.com/collections/italian/products/penne-alla-vodka.html]
[yummi-theme.myshopify.com/collections/italian/products/salisbury-steak.html]
[yummi-theme.myshopify.com/collections/italian/products/creamy-vegetable-salad.html]
[yummi-theme.myshopify.com/collections/italian/products/cobb-salad.html]
[yummi-theme.myshopify.com/collections/italian/products/chicken-popcorn.html]
[yummi-theme.myshopify.com/collections/italian/products/english-breakfast.html]
[yummi-theme.myshopify.com/collections/italian/products/crispy-chicken-wings.html]
[yummi-theme.myshopify.com/collections/italian/products/creamed-chipped-beef.html]
[yummi-theme.myshopify.com/collections/italian/products/beef-steaks.html]
[yummi-theme.myshopify.com/collections/italian/products/buldak.html]
[yummi-theme.myshopify.com/collections/thai/products/greek-salad.html]
[yummi-theme.myshopify.com/collections/thai/products/salisbury-steak.html]
[yummi-theme.myshopify.com/collections/thai/products/risotto.html]
[yummi-theme.myshopify.com/collections/thai/products/scrambled-eggs.html]
[yummi-theme.myshopify.com/collections/thai/products/garlic-prime-rib.html]
[yummi-theme.myshopify.com/collections/thai/products/thai-tom-yum-soup.html]
[yummi-theme.myshopify.com/collections/thai/products/galouti-kebab.html]
[yummi-theme.myshopify.com/collections/thai/products/spaghetti-aglio.html]
[yummi-theme.myshopify.com/collections/thai/products/rigatoni-alla-carbonara.html]
[yummi-theme.myshopify.com/collections/thai/products/penne-alla-vodka.html]
[yummi-theme.myshopify.com/collections/thai/products/green-chicken-salad.html]
[yummi-theme.myshopify.com/collections/thai/products/grilled-fish-with-chips.html]
[yummi-theme.myshopify.com/collections/thai/products/mexican-black-bean-salad.html]
[cdn.shopify.com/s/files/1/0267/5979/0615/files/background-2a539.png]
[yummi-theme.myshopify.com/collections/thai/products/crispy-chicken-wings.html]
[cdn.shopify.com/s/files/1/0267/5979/0615/files/gallery-8033a.jpg]
[cdn.shopify.com/s/files/1/0267/5979/0615/files/gallery-58bf9.jpg]
[cdn.shopify.com/s/files/1/0267/5979/0615/files/gallery-78651.jpg]
[cdn.shopify.com/s/files/1/0267/5979/0615/files/gallery-479b4.jpg]
[cdn.shopify.com/s/files/1/0267/5979/0615/files/gallery-15d50.jpg]
[cdn.shopify.com/s/files/1/0267/5979/0615/files/gallery-36fa0.jpg]
[cdn.shopify.com/s/files/1/0267/5979/0615/files/gallery-2b7aa.jpg]
[cdn.shopify.com/s/files/1/0267/5979/0615/files/gallery-67836.jpg]
[cdn.shopify.com/s/files/1/0267/5979/0615/files/background-3959e.png]
[cdn.shopify.com/s/files/1/0267/5979/0615/files/shop-12_100x7075ee.jpg]
[cdn.shopify.com/s/files/1/0267/5979/0615/files/shop-11_100x70181c.jpg]
[cdn.shopify.com/s/files/1/0267/5979/0615/files/shop-8_100x706702.jpg]
[cdn.shopify.com/s/files/1/0267/5979/0615/files/shop-7_100x70d3e4.jpg]
[cdn.shopify.com/s/files/1/0267/5979/0615/files/shop-10_100x705eb8.jpg]
[cdn.shopify.com/s/files/1/0267/5979/0615/files/shop-9_100x704ac3.jpg]
[cdn.shopify.com/s/files/1/0267/5979/0615/files/shop-6_100x709163.jpg]
[cdn.shopify.com/s/files/1/0267/5979/0615/files/shop-5_100x70b5f7.jpg]
[cdn.shopify.com/s/files/1/0267/5979/0615/files/shop-2_100x707bdf.jpg]
[cdn.shopify.com/s/files/1/0267/5979/0615/files/shop-1_100x7006e0.jpg]
[cdn.shopify.com/s/files/1/0267/5979/0615/files/shop-4_100x7047f8.jpg]
[cdn.shopify.com/s/files/1/0267/5979/0615/files/shop-3_100x708ef1.jpg]
[cdn.shopify.com/s/files/1/0267/5979/0615/files/background-4_101d2.png]
[cdn.shopify.com/s/files/1/0267/5979/0615/files/bg-397c2.jpg]
[cdn.shopify.com/s/files/1/0267/5979/0615/files/festive-5acdd.jpg]
[cdn.shopify.com/s/files/1/0267/5979/0615/files/festive-4f3b9.jpg]
[cdn.shopify.com/s/files/1/0267/5979/0615/files/festive-34695.jpg]
[cdn.shopify.com/s/files/1/0267/5979/0615/files/festive-25958.jpg]
[cdn.shopify.com/s/files/1/0267/5979/0615/files/festive-124da.jpg]
[cdn.shopify.com/s/files/1/0267/5979/0615/files/icon-12_60x60b0e3.png]
[cdn.shopify.com/s/files/1/0267/5979/0615/files/icon-13_60x60586e.png]
[cdn.shopify.com/s/files/1/0267/5979/0615/files/icon-14_60x6061fd.png]
[cdn.shopify.com/s/files/1/0267/5979/0615/files/icon-11_60x602d17.png]
[cdn.shopify.com/s/files/1/0267/5979/0615/files/bg-4_1920X25d5.jpg]
[cdn.shopify.com/s/files/1/0267/5979/0615/files/client-5_250x250feeb.png]
[cdn.shopify.com/s/files/1/0267/5979/0615/files/client-4_250x250cee6.png]
[cdn.shopify.com/s/files/1/0267/5979/0615/files/client-3_250x25023f4.png]
[cdn.shopify.com/s/files/1/0267/5979/0615/files/client-2_250x25044e4.png]
[cdn.shopify.com/s/files/1/0267/5979/0615/files/client-1_250x250c5ea.png]
[cdn.shopify.com/s/files/1/0267/5979/0615/files/client-6_1_250x2507ed0.png]
[cdn.shopify.com/s/files/1/0267/5979/0615/files/client-7_1_250x2509ed0.png]
[cdn.shopify.com/s/files/1/0267/5979/0615/files/client-8_1_250x250c567.png]
[cdn.shopify.com/s/files/1/0267/5979/0615/files/footerb856.jpg]
[yummi-theme.myshopify.com/pages/shipping-details.html]
[cdn.shopify.com/s/files/1/0267/5979/0615/files/store-3_smalle056.png]
[cdn.shopify.com/s/files/1/0267/5979/0615/files/store-2_small0407.png]
[cdn.shopify.com/s/files/1/0267/5979/0615/files/store-1_smalle84b.png]
[cdn.shopify.com/s/files/1/0267/5979/0615/t/3/assets/inview-donut-easing91ee.js]
[cdn.shopify.com/s/files/1/0267/5979/0615/t/3/assets/theme1dfc.js]
[cdn.shopify.com/shopifycloud/shopify/assets/themes_support/option_selection-fe6b72c2bbdd3369ac0bfefe8648e3c889efca213baefd4cfb0dd9363563831f.js]
[cdn.shopify.com/shopifycloud/shopify/assets/themes_support/api.jquery-e94e010e92e659b566dbc436fdfe5242764380e00398907a14955ba301a4749f.js]
[cdn.shopify.com/s/files/1/0267/5979/0615/t/3/assets/history-to-light18d8.js]
[cdn.shopify.com/s/files/1/0267/5979/0615/t/3/assets/wow6fc4.js]
[cdn.shopify.com/s/files/1/0267/5979/0615/t/3/assets/ajax-search-scriptb2a6.js]
[cdn.shopify.com/s/files/1/0267/5979/0615/t/3/assets/shop13af.js]
[cdn.shopify.com/s/javascripts/currencies.js]
[yummi-theme.myshopify.com/cart.html]
[cdn.shopify.com/s/files/1/0267/5979/0615/t/3/assets/jquery.currencies.mind3d7.js]
[yummi-theme.myshopify.com/index.html]
[cdn.shopify.com/s/files/1/0267/5979/0615/t/3/assets/ico-selectf30c.svg]
[cdn.shopify.com/s/files/1/0267/5979/0615/t/3/assets/icons5a4b.eot]
[cdn.shopify.com/s/files/1/0267/5979/0615/t/3/assets/icons5a4b.woff]
[cdn.shopify.com/s/files/1/0267/5979/0615/t/3/assets/footer7644.js]
[cdn.shopify.com/s/files/1/0267/5979/0615/t/3/assets/icons5a4b.ttf]
[cdn.shopify.com/s/files/1/0267/5979/0615/t/3/assets/icons0672.svg]
[cdn.shopify.com/s/files/1/0267/5979/0615/t/3/assets/preloader5a4b.gif]
[cdn.shopify.com/s/files/1/0267/5979/0615/t/3/assets/product-arrow5a4b.png]
[cdn.shopify.com/s/files/1/0267/5979/0615/t/3/assets/popup_newsletter_imgfe64.jpg]
[cdn.shopify.com/s/files/1/0267/5979/0615/t/3/assets/hover3ef9.png]
[cdn.shopify.com/s/files/1/0267/5979/0615/t/3/assets/frame.scss9c6b.css]
[cdn.shopify.com/s/files/1/0267/5979/0615/t/3/assets/home-sections.scss18a4.html]
[cdn.shopify.com/s/files/1/0267/5979/0615/t/3/assets/owl.video.play.107.delayed]
[cdn.shopify.com/s/files/1/0267/5979/0615/t/3/assets/icons_new14.png]
[cdn.shopify.com/s/files/1/0267/5979/0615/t/3/assets/prev-horizontal.png]
[cdn.shopify.com/s/files/1/0267/5979/0615/t/3/assets/controlsce7f.png]
[cdn.shopify.com/s/files/1/0267/5979/0615/t/3/assets/loading.gif]
[cdn.shopify.com/s/files/1/0267/5979/0615/t/3/assets/fancybox.png]
[cdn.shopify.com/s/files/1/0267/5979/0615/t/3/assets/fancybox-x.png]
[cdn.shopify.com/s/files/1/0267/5979/0615/t/3/assets/style0c78.css]
[cdn.shopify.com/s/files/1/0267/5979/0615/t/3/assets/sprite.png]
[cdn.shopify.com/s/files/1/0267/5979/0615/t/3/assets/sprite_x.png]
[cdn.shopify.com/s/files/1/0267/5979/0615/t/3/assets/sprite_y.png]
[cdn.shopify.com/s/files/1/0267/5979/0615/t/3/assets/sprite_next.png]
[cdn.shopify.com/s/files/1/0267/5979/0615/t/3/assets/sprite_prev.png]
[cdn.shopify.com/s/files/1/0267/5979/0615/t/3/assets/default_thumb.png]
[cdn.shopify.com/s/files/1/0267/5979/0615/t/3/assets/loader.gif]
[cdn.shopify.com/s/files/1/0267/5979/0615/t/3/assets/btnNext.png]
[cdn.shopify.com/s/files/1/0267/5979/0615/t/3/assets/btnPrevious.png]
[cdn.shopify.com/s/files/1/0267/5979/0615/t/3/assets/contentPattern.png]
[cdn.shopify.com/s/files/1/0267/5979/0615/t/3/assets/dark_rounded/sprite.png]
[cdn.shopify.com/s/files/1/0267/5979/0615/t/3/assets/contentPatternTop.png]
[cdn.shopify.com/s/files/1/0267/5979/0615/t/3/assets/contentPatternLeft.png]
[cdn.shopify.com/s/files/1/0267/5979/0615/t/3/assets/contentPatternRight.png]
[cdn.shopify.com/s/files/1/0267/5979/0615/t/3/assets/facebook/sprite.png]
[cdn.shopify.com/s/files/1/0267/5979/0615/t/3/images/prettyPhoto/facebook/sprite.png]
[cdn.shopify.com/s/files/1/0267/5979/0615/t/3/assets/contentPatternBottom.png]
[cdn.shopify.com/s/files/1/0267/5979/0615/t/3/assets/default_thumbnail.gif]
[cdn.shopify.com/s/files/1/0267/5979/0615/t/3/assets/prettyPhotode1c.css]
[cdn.shopify.com/s/files/1/0267/5979/0615/t/3/assets/animatea14e.css]
[cdn.shopify.com/s/files/1/0267/5979/0615/t/3/assets/fa-brands-400.woff2]
[cdn.shopify.com/s/files/1/0267/5979/0615/t/3/assets/fa-brands-400.woff]
[cdn.shopify.com/s/files/1/0267/5979/0615/t/3/assets/fa-brands-400.eot]
[cdn.shopify.com/s/files/1/0267/5979/0615/t/3/assets/fa-brands-400.ttf]
[cdn.shopify.com/s/files/1/0267/5979/0615/t/3/assets/fa-brands-400.svg]
[cdn.shopify.com/s/files/1/0267/5979/0615/t/3/assets/fa-regular-400.woff2]
[cdn.shopify.com/s/files/1/0267/5979/0615/t/3/assets/fa-brands-400d41d.eot]
[cdn.shopify.com/s/files/1/0267/5979/0615/t/3/assets/fa-regular-400.eot]
[cdn.shopify.com/s/files/1/0267/5979/0615/t/3/assets/fa-regular-400.woff]
[cdn.shopify.com/s/files/1/0267/5979/0615/t/3/assets/fa-regular-400.ttf]
[cdn.shopify.com/s/files/1/0267/5979/0615/t/3/assets/fa-regular-400.svg]
[cdn.shopify.com/s/files/1/0267/5979/0615/t/3/assets/fa-regular-400d41d.eot]
[cdn.shopify.com/s/files/1/0267/5979/0615/t/3/assets/fa-solid-900.woff2]
[cdn.shopify.com/s/files/1/0267/5979/0615/t/3/assets/fa-solid-900.woff]
[cdn.shopify.com/s/files/1/0267/5979/0615/t/3/assets/fa-solid-900.ttf]
[cdn.shopify.com/s/files/1/0267/5979/0615/t/3/assets/fa-solid-900.eot]
[cdn.shopify.com/s/files/1/0267/5979/0615/t/3/assets/fa-solid-900.12e.delayed]
[cdn.shopify.com/s/files/1/0267/5979/0615/t/3/assets/american_captain-webfont.woff2]
[cdn.shopify.com/s/files/1/0267/5979/0615/t/3/assets/fa-solid-900d41d.eot]
[cdn.shopify.com/s/files/1/0267/5979/0615/t/3/assets/american_captain-webfont.woff]
[cdn.shopify.com/s/files/1/0267/5979/0615/t/3/assets/futurabt-light-webfont.woff2]
[cdn.shopify.com/s/files/1/0267/5979/0615/t/3/assets/futurabt-light-webfont.woff]
[cdn.shopify.com/s/files/1/0267/5979/0615/t/3/assets/font-all.minc83d.css]
[yummi-theme.myshopify.com/POST.html]
[cdn.shopify.com/s/files/1/0267/5979/0615/t/3/compiled_assets/styles18a4.css]
[yummi-theme.myshopify.com/collections/indian.atom]
[yummi-theme.myshopify.com/collections/indian.oembed]
[yummi-theme.myshopify.com/collections/indian4658.html]
[yummi-theme.myshopify.com/collections/POST.136.delayed]
[cdn.shopify.com/s/files/1/0267/5979/0615/products/shop-8_350X31ad.jpg]
[cdn.shopify.com/s/files/1/0267/5979/0615/products/shop-3_350X189d.jpg]
[cdn.shopify.com/s/files/1/0267/5979/0615/products/shop-14_350X73d1.jpg]
[cdn.shopify.com/s/files/1/0267/5979/0615/products/shop-22_350Xc8e0.jpg]
[cdn.shopify.com/s/files/1/0267/5979/0615/products/shop-5_350X9c03.jpg]
[cdn.shopify.com/s/files/1/0267/5979/0615/products/shop-21_350X49d0.jpg]
[cdn.shopify.com/s/files/1/0267/5979/0615/products/shop-20_350X20a8.jpg]
[cdn.shopify.com/s/files/1/0267/5979/0615/products/shop-18_350X57ec.jpg]
[cdn.shopify.com/s/files/1/0267/5979/0615/products/shop-16_350X97c2.jpg]
[cdn.shopify.com/s/files/1/0267/5979/0615/products/shop-15_350Xaa9c.jpg]
[cdn.shopify.com/s/files/1/0267/5979/0615/products/shop-12_350Xd397.jpg]
[cdn.shopify.com/s/files/1/0267/5979/0615/products/shop-11_350Xaca2.jpg]
[cdn.shopify.com/s/files/1/0267/5979/0615/products/shop-10_350Xf98b.jpg]
[cdn.shopify.com/s/files/1/0267/5979/0615/products/shop-9_350Xe05f.jpg]
[yummi-theme.myshopify.com/collections/manual.149.delayed]
[yummi-theme.myshopify.com/collections/price-ascending]
[yummi-theme.myshopify.com/collections/price-descending]
[yummi-theme.myshopify.com/collections/title-ascending]
[yummi-theme.myshopify.com/collections/title-descending]
[yummi-theme.myshopify.com/collections/created-ascending]
[yummi-theme.myshopify.com/collections/created-descending]
[yummi-theme.myshopify.com/collections/best-selling]
[yummi-theme.myshopify.com/collections/salisbury-steak]
[yummi-theme.myshopify.com/collections/english-breakfast]
[yummi-theme.myshopify.com/collections/buldak]
[yummi-theme.myshopify.com/collections/greek-salad]
[yummi-theme.myshopify.com/collections/garlic-prime-rib]
[yummi-theme.myshopify.com/collections/crispy-chicken-wings]
[yummi-theme.myshopify.com/collections/creamed-chipped-beef]
[yummi-theme.myshopify.com/collections/mexican-black-bean-salad]
[yummi-theme.myshopify.com/collections/chicken-popcorn]
[yummi-theme.myshopify.com/collections/spaghetti-aglio]
[yummi-theme.myshopify.com/collections/creamy-vegetable-salad]
[yummi-theme.myshopify.com/collections/galouti-kebab]
[yummi-theme.myshopify.com/collections/indian.html]
[cdn.shopify.com/s/files/1/0267/5979/0615/products/shop-13_grande35de.jpg]
[cdn.shopify.com/s/files/1/0267/5979/0615/products/shop-13_medium35de.jpg]
[yummi-theme.myshopify.com/products/chicken-popcorn.oembed]
[yummi-theme.myshopify.com/products/POST.162.delayed]
[cdn.shopify.com/s/files/1/0267/5979/0615/products/shop-3_small189d.jpg]
[yummi-theme.myshopify.com/products/rigatoni-alla-carbonara.html]
[cdn.shopify.com/s/files/1/0267/5979/0615/products/shop-7_smalla81d.jpg]
[cdn.shopify.com/s/files/1/0267/5979/0615/products/shop-4_smallf5ee.jpg]
[cdn.shopify.com/s/files/1/0267/5979/0615/products/shop-8_small31ad.jpg]
[cdn.shopify.com/s/files/1/0267/5979/0615/products/shop-1335de.jpg]
[yummi-theme.myshopify.com/collections/anhui-cuisine/products/cobb-salad.html]
[yummi-theme.myshopify.com/collections/anhui-cuisine/products/creamed-chipped-beef.html]
[yummi-theme.myshopify.com/collections/anhui-cuisine/products/buldak.html]
[yummi-theme.myshopify.com/collections/anhui-cuisine/products/beef-steaks.html]
[ajax.aspnetcdn.com/ajax/jquery.templates/beta1/jquery.tmpl.min.js]
[cdn.shopify.com/s/files/1/0267/5979/0615/t/3/assets/jquery.fancybox.minfa4d.css]
[cdn.shopify.com/s/files/1/0267/5979/0615/t/3/assets/jquery.fancybox.min1026.js]
[cdn.shopify.com/s/files/1/0267/5979/0615/t/3/assets/social-buttonsa4c8.js]
[yummi-theme.myshopify.com/products/index.html]
[yummi-theme.myshopify.com/products/chicken-popcorn.html]
[cdn.shopify.com/s/files/1/0267/5979/0615/products/shop-17_grande7bae.jpg]
[cdn.shopify.com/s/files/1/0267/5979/0615/products/shop-17_medium7bae.jpg]
[yummi-theme.myshopify.com/products/cobb-salad.oembed]
[cdn.shopify.com/s/files/1/0267/5979/0615/products/shop-177bae.jpg]
[yummi-theme.myshopify.com/collections/anhui-cuisine/products/chicken-popcorn.html]
[yummi-theme.myshopify.com/products/cobb-salad.html]
[cdn.shopify.com/s/files/1/0267/5979/0615/products/shop-7_grandea81d.jpg]
[cdn.shopify.com/s/files/1/0267/5979/0615/products/shop-7_mediuma81d.jpg]
[yummi-theme.myshopify.com/products/english-breakfast.oembed]
[cdn.shopify.com/s/files/1/0267/5979/0615/products/shop-7a81d.jpg]
[yummi-theme.myshopify.com/collections/fujian-cuisines/products/galouti-kebab.html]
[yummi-theme.myshopify.com/collections/fujian-cuisines/products/crispy-chicken-wings.html]
[yummi-theme.myshopify.com/collections/fujian-cuisines/products/garlic-prime-rib.html]
[yummi-theme.myshopify.com/products/english-breakfast.html]
[yummi-theme.myshopify.com/collections/fujian-cuisines/products/fried-egg-sausage.html]
[cdn.shopify.com/s/files/1/0267/5979/0615/products/shop-18_grande57ec.jpg]
[cdn.shopify.com/s/files/1/0267/5979/0615/products/shop-18_medium57ec.jpg]
[yummi-theme.myshopify.com/products/galouti-kebab.oembed]
[cdn.shopify.com/s/files/1/0267/5979/0615/products/shop-1857ec.jpg]
[yummi-theme.myshopify.com/products/galouti-kebab.html]
[yummi-theme.myshopify.com/collections/fujian-cuisines/products/english-breakfast.html]
[cdn.shopify.com/s/files/1/0267/5979/0615/products/shop-5_grande9c03.jpg]
[cdn.shopify.com/s/files/1/0267/5979/0615/products/shop-5_medium9c03.jpg]
[yummi-theme.myshopify.com/products/garlic-prime-rib.oembed]
[cdn.shopify.com/s/files/1/0267/5979/0615/products/shop-59c03.jpg]
[yummi-theme.myshopify.com/products/garlic-prime-rib.html]
[cdn.shopify.com/s/files/1/0267/5979/0615/products/shop-2_grandeaec4.jpg]
[cdn.shopify.com/s/files/1/0267/5979/0615/products/shop-2_mediumaec4.jpg]
[yummi-theme.myshopify.com/products/beef-steaks.oembed]
[cdn.shopify.com/s/files/1/0267/5979/0615/products/shop-2aec4.jpg]
[yummi-theme.myshopify.com/products/beef-steaks.html]
[cdn.shopify.com/s/files/1/0267/5979/0615/products/shop-21_grande49d0.jpg]
[cdn.shopify.com/s/files/1/0267/5979/0615/products/shop-21_medium49d0.jpg]
[yummi-theme.myshopify.com/products/thai-tom-yum-soup.oembed]
[cdn.shopify.com/s/files/1/0267/5979/0615/products/shop-2149d0.jpg]
[yummi-theme.myshopify.com/collections/chinese/products/scrambled-eggs.html]
[yummi-theme.myshopify.com/collections/chinese/products/spaghetti-aglio.html]
[yummi-theme.myshopify.com/collections/chinese/products/risotto.html]
[yummi-theme.myshopify.com/products/thai-tom-yum-soup.html]
[yummi-theme.myshopify.com/collections/chinese/products/rigatoni-alla-carbonara.html]
[cdn.shopify.com/s/files/1/0267/5979/0615/products/shop-4_grandef5ee.jpg]
[cdn.shopify.com/s/files/1/0267/5979/0615/products/shop-4_mediumf5ee.jpg]
[yummi-theme.myshopify.com/collections/chinese/products/salisbury-steak.html]
[yummi-theme.myshopify.com/products/buldak.oembed]
[cdn.shopify.com/s/files/1/0267/5979/0615/products/shop-4f5ee.jpg]
[yummi-theme.myshopify.com/products/buldak.html]
[cdn.shopify.com/s/files/1/0267/5979/0615/products/shop-6_grande8d03.jpg]
[cdn.shopify.com/s/files/1/0267/5979/0615/products/shop-6_medium8d03.jpg]
[yummi-theme.myshopify.com/products/creamed-chipped-beef.oembed]
[cdn.shopify.com/s/files/1/0267/5979/0615/products/shop-68d03.jpg]
[yummi-theme.myshopify.com/products/creamed-chipped-beef.html]
[cdn.shopify.com/s/files/1/0267/5979/0615/products/shop-19_grandea387.jpg]
[cdn.shopify.com/s/files/1/0267/5979/0615/products/shop-19_mediuma387.jpg]
[yummi-theme.myshopify.com/products/creamy-vegetable-salad.oembed]
[cdn.shopify.com/s/files/1/0267/5979/0615/products/shop-19a387.jpg]
[yummi-theme.myshopify.com/products/creamy-vegetable-salad.html]
[cdn.shopify.com/s/files/1/0267/5979/0615/products/shop-9_grandee05f.jpg]
[cdn.shopify.com/s/files/1/0267/5979/0615/products/shop-9_mediume05f.jpg]
[yummi-theme.myshopify.com/products/crispy-chicken-wings.oembed]
[cdn.shopify.com/s/files/1/0267/5979/0615/products/shop-9e05f.jpg]
[yummi-theme.myshopify.com/products/crispy-chicken-wings.html]
[cdn.shopify.com/s/files/1/0267/5979/0615/products/shop-1_grandeebce.jpg]
[cdn.shopify.com/s/files/1/0267/5979/0615/products/shop-1_mediumebce.jpg]
[yummi-theme.myshopify.com/products/fried-egg-sausage.oembed]
[cdn.shopify.com/s/files/1/0267/5979/0615/products/shop-1ebce.jpg]
[yummi-theme.myshopify.com/products/fried-egg-sausage.html]
[cdn.shopify.com/s/files/1/0267/5979/0615/products/shop-12_granded397.jpg]
[cdn.shopify.com/s/files/1/0267/5979/0615/products/shop-12_mediumd397.jpg]
[yummi-theme.myshopify.com/products/grilled-fish-with-chips.oembed]
[cdn.shopify.com/s/files/1/0267/5979/0615/products/shop-12d397.jpg]
[yummi-theme.myshopify.com/collections/hunan-cuisines/products/galouti-kebab.html]
[yummi-theme.myshopify.com/collections/hunan-cuisines/products/green-chicken-salad.html]
[yummi-theme.myshopify.com/collections/hunan-cuisines/products/greek-salad.html]
[yummi-theme.myshopify.com/products/grilled-fish-with-chips.html]
[cdn.shopify.com/s/files/1/0267/5979/0615/products/shop-10_grandef98b.jpg]
[cdn.shopify.com/s/files/1/0267/5979/0615/products/shop-10_mediumf98b.jpg]
[yummi-theme.myshopify.com/collections/hunan-cuisines/products/garlic-prime-rib.html]
[yummi-theme.myshopify.com/products/mexican-black-bean-salad.oembed]
[cdn.shopify.com/s/files/1/0267/5979/0615/products/shop-10f98b.jpg]
[yummi-theme.myshopify.com/products/mexican-black-bean-salad.html]
[cdn.shopify.com/s/files/1/0267/5979/0615/products/shop-14_grande73d1.jpg]
[cdn.shopify.com/s/files/1/0267/5979/0615/products/shop-14_medium73d1.jpg]
[yummi-theme.myshopify.com/products/risotto.oembed]
[cdn.shopify.com/s/files/1/0267/5979/0615/products/shop-1473d1.jpg]
[yummi-theme.myshopify.com/products/risotto.html]
[cdn.shopify.com/s/files/1/0267/5979/0615/products/shop-3_grande189d.jpg]
[yummi-theme.myshopify.com/collections/chinese/products/thai-tom-yum-soup.html]
[cdn.shopify.com/s/files/1/0267/5979/0615/products/shop-3_medium189d.jpg]
[yummi-theme.myshopify.com/products/salisbury-steak.oembed]
[cdn.shopify.com/s/files/1/0267/5979/0615/products/shop-3189d.jpg]
[yummi-theme.myshopify.com/products/salisbury-steak.html]
[cdn.shopify.com/s/files/1/0267/5979/0615/products/shop-22_grandec8e0.jpg]
[cdn.shopify.com/s/files/1/0267/5979/0615/products/shop-22_mediumc8e0.jpg]
[yummi-theme.myshopify.com/products/scrambled-eggs.oembed]
[cdn.shopify.com/s/files/1/0267/5979/0615/products/shop-22c8e0.jpg]
[yummi-theme.myshopify.com/products/scrambled-eggs.html]
[cdn.shopify.com/s/files/1/0267/5979/0615/products/shop-20_grande20a8.jpg]
[cdn.shopify.com/s/files/1/0267/5979/0615/products/shop-20_medium20a8.jpg]
[yummi-theme.myshopify.com/products/spaghetti-aglio.oembed]
[cdn.shopify.com/s/files/1/0267/5979/0615/products/shop-2020a8.jpg]
[yummi-theme.myshopify.com/products/spaghetti-aglio.html]
[cdn.shopify.com/s/files/1/0267/5979/0615/products/shop-8_grande31ad.jpg]
[cdn.shopify.com/s/files/1/0267/5979/0615/products/shop-8_medium31ad.jpg]
[yummi-theme.myshopify.com/products/greek-salad.oembed]
[cdn.shopify.com/s/files/1/0267/5979/0615/products/shop-831ad.jpg]
[yummi-theme.myshopify.com/products/greek-salad.html]
[cdn.shopify.com/s/files/1/0267/5979/0615/products/shop-11_grandeaca2.jpg]
[yummi-theme.myshopify.com/collections/hunan-cuisines/products/grilled-fish-with-chips.html]
[cdn.shopify.com/s/files/1/0267/5979/0615/products/shop-11_mediumaca2.jpg]
[yummi-theme.myshopify.com/products/green-chicken-salad.oembed]
[cdn.shopify.com/s/files/1/0267/5979/0615/products/shop-11aca2.jpg]
[yummi-theme.myshopify.com/products/green-chicken-salad.html]
[cdn.shopify.com/s/files/1/0267/5979/0615/products/shop-15_grandeaa9c.jpg]
[cdn.shopify.com/s/files/1/0267/5979/0615/products/shop-15_mediumaa9c.jpg]
[yummi-theme.myshopify.com/products/penne-alla-vodka.oembed]
[cdn.shopify.com/s/files/1/0267/5979/0615/products/shop-15aa9c.jpg]
[yummi-theme.myshopify.com/products/penne-alla-vodka.html]
[yummi-theme.myshopify.com/collections/italian.atom]
[yummi-theme.myshopify.com/collections/italian.oembed]
[yummi-theme.myshopify.com/collections/italian4658.html]
[yummi-theme.myshopify.com/collections/scrambled-eggs]
[yummi-theme.myshopify.com/collections/thai-tom-yum-soup]
[yummi-theme.myshopify.com/collections/rigatoni-alla-carbonara]
[yummi-theme.myshopify.com/collections/penne-alla-vodka]
[yummi-theme.myshopify.com/collections/cobb-salad]
[yummi-theme.myshopify.com/collections/italian.html]
[yummi-theme.myshopify.com/collections/all.atom]
[yummi-theme.myshopify.com/collections/all4658.html]
[yummi-theme.myshopify.com/collections/beef-steaks]
[yummi-theme.myshopify.com/collections/fried-egg-sausage]
[yummi-theme.myshopify.com/collections/all.html]
[yummi-theme.myshopify.com/collections/thai.atom]
[yummi-theme.myshopify.com/collections/thai4658.html]
[yummi-theme.myshopify.com/collections/thai.oembed]
[yummi-theme.myshopify.com/collections/risotto]
[yummi-theme.myshopify.com/collections/grilled-fish-with-chips]
[yummi-theme.myshopify.com/collections/green-chicken-salad]
[yummi-theme.myshopify.com/collections/thai.html]
[yummi-theme.myshopify.com/collections/fujian-cuisines.atom]
[yummi-theme.myshopify.com/collections/fujian-cuisines.oembed]
[yummi-theme.myshopify.com/collections/fujian-cuisines.html]
[yummi-theme.myshopify.com/collections/chinese.atom]
[yummi-theme.myshopify.com/collections/chinese.oembed]
[yummi-theme.myshopify.com/collections/chinese.html]
[yummi-theme.myshopify.com/collections/shandong-cuisine.atom]
[yummi-theme.myshopify.com/collections/shandong-cuisine.oembed]
[yummi-theme.myshopify.com/collections/shandong-cuisine/products/garlic-prime-rib.html]
[yummi-theme.myshopify.com/collections/shandong-cuisine/products/galouti-kebab.html]
[yummi-theme.myshopify.com/collections/shandong-cuisine/products/crispy-chicken-wings.html]
[yummi-theme.myshopify.com/collections/shandong-cuisine/products/english-breakfast.html]
[yummi-theme.myshopify.com/collections/shandong-cuisine.html]
[yummi-theme.myshopify.com/collections/shandong-cuisine/products/fried-egg-sausage.html]
[yummi-theme.myshopify.com/collections/sichuan-cuisine.atom]
[yummi-theme.myshopify.com/collections/sichuan-cuisine.oembed]
[yummi-theme.myshopify.com/collections/sichuan-cuisine/products/greek-salad.html]
[yummi-theme.myshopify.com/collections/sichuan-cuisine/products/garlic-prime-rib.html]
[yummi-theme.myshopify.com/collections/sichuan-cuisine/products/grilled-fish-with-chips.html]
[yummi-theme.myshopify.com/collections/sichuan-cuisine/products/green-chicken-salad.html]
[yummi-theme.myshopify.com/collections/sichuan-cuisine/products/mexican-black-bean-salad.html]
[yummi-theme.myshopify.com/collections/sichuan-cuisine.html]
[yummi-theme.myshopify.com/collections/hunan-cuisines.atom]
[yummi-theme.myshopify.com/collections/hunan-cuisines.oembed]
[yummi-theme.myshopify.com/collections/hunan-cuisines.html]
[yummi-theme.myshopify.com/collections/menus.atom]
[yummi-theme.myshopify.com/collections/menus4658.html]
[yummi-theme.myshopify.com/collections/menus.oembed]
[yummi-theme.myshopify.com/collections/menus/products/beef-steaks.html]
[yummi-theme.myshopify.com/collections/menus/products/greek-salad.html]
[yummi-theme.myshopify.com/collections/menus/products/salisbury-steak.html]
[yummi-theme.myshopify.com/collections/menus/products/risotto.html]
[yummi-theme.myshopify.com/collections/menus/products/scrambled-eggs.html]
[yummi-theme.myshopify.com/collections/menus/products/garlic-prime-rib.html]
[yummi-theme.myshopify.com/collections/menus/products/thai-tom-yum-soup.html]
[yummi-theme.myshopify.com/collections/menus/products/spaghetti-aglio.html]
[yummi-theme.myshopify.com/collections/menus/products/galouti-kebab.html]
[yummi-theme.myshopify.com/collections/menus/products/rigatoni-alla-carbonara.html]
[yummi-theme.myshopify.com/collections/menus/products/penne-alla-vodka.html]
[yummi-theme.myshopify.com/collections/menus/products/grilled-fish-with-chips.html]
[yummi-theme.myshopify.com/collections/menus/products/green-chicken-salad.html]
[yummi-theme.myshopify.com/collections/menus/products/mexican-black-bean-salad.html]
[yummi-theme.myshopify.com/collections/menus.html]
[yummi-theme.myshopify.com/collections/menus/products/crispy-chicken-wings.html]
[yummi-theme.myshopify.com/pages/POST]
[cdn.shopify.com/s/files/1/0267/5979/0615/files/5_6316ddcb-a36d-407f-9311-5038402241dec49a.jpg]
[cdn.shopify.com/shopifycloud/shopify/assets/no-image-2048-5e88c1b20e087fb7bbe9a3771824e743c244f437e4f8ba93bbf7b11b53f7824c.gif]
[cdn.shopify.com/s/files/1/0267/5979/0615/files/1b2da.jpg]
[cdn.shopify.com/s/files/1/0267/5979/0615/files/24e1b.jpg]
[cdn.shopify.com/s/files/1/0267/5979/0615/files/30d0a.jpg]
[cdn.shopify.com/s/files/1/0267/5979/0615/files/4d018.jpg]
[cdn.shopify.com/s/files/1/0267/5979/0615/files/6_669fe6c2-572f-4cbc-9c53-2769ec57fbc20e42.png]
[cdn.shopify.com/s/files/1/0267/5979/0615/files/70a2f.png]
[cdn.shopify.com/s/files/1/0267/5979/0615/files/89de8.png]
[yummi-theme.myshopify.com/collections.html]
[cdn.shopify.com/s/files/1/0267/5979/0615/files/97c10.jpg]
[cdn.shopify.com/s/files/1/0267/5979/0615/files/team-13598.jpg]
[cdn.shopify.com/s/files/1/0267/5979/0615/files/team-2ae92.jpg]
[cdn.shopify.com/s/files/1/0267/5979/0615/files/team-3bceb.jpg]
[cdn.shopify.com/s/files/1/0267/5979/0615/files/team-4b767.jpg]
[yummi-theme.myshopify.com/pages/about.html]
[yummi-theme.myshopify.com/blogs/news.atom]
[yummi-theme.myshopify.com/blogs/news4658.html]
[yummi-theme.myshopify.com/blogs/POST]
[cdn.shopify.com/s/files/1/0267/5979/0615/articles/blog-10_265085f5-4236-4048-b280-8bb096625e74f69c.jpg]
[yummi-theme.myshopify.com/blogs/news/multi-cuisine-restaurants-in-thailand.html]
[cdn.shopify.com/s/files/1/0267/5979/0615/articles/blog-9_2ade5993-0abf-4930-9c48-ed586bff57b26c97.jpg]
[yummi-theme.myshopify.com/blogs/news/professional-pasta-school-in-italy.html]
[cdn.shopify.com/s/files/1/0267/5979/0615/articles/blog-8_2f797061-f518-4fd0-9a7c-573e70988ac441c9.jpg]
[yummi-theme.myshopify.com/blogs/news/italian-traditional-herbs-bread-with-olive.html]
[yummi-theme.myshopify.com/blogs/news/tagged/chicken.html]
[yummi-theme.myshopify.com/blogs/news/tagged/cuisine.html]
[yummi-theme.myshopify.com/blogs/news/tagged/fish.html]
[yummi-theme.myshopify.com/blogs/news/tagged/italian.html]
[yummi-theme.myshopify.com/blogs/news/tagged/meat.html]
[yummi-theme.myshopify.com/blogs/news/tagged/pizza.html]
[yummi-theme.myshopify.com/blogs/news/tagged/salad.html]
[yummi-theme.myshopify.com/blogs/news/tagged/school.html]
[yummi-theme.myshopify.com/blogs/news/tagged/thai.html]
[yummi-theme.myshopify.com/blogs/news/tagged/vegetable.html]
[cdn.shopify.com/s/files/1/0267/5979/0615/t/3/assets/instagram17d5.js]
[cdn.shopify.com/s/files/1/0267/5979/0615/products/shop-17_350X7bae.jpg]
[cdn.shopify.com/s/files/1/0267/5979/0615/products/shop-13_350X35de.jpg]
[cdn.shopify.com/s/files/1/0267/5979/0615/products/shop-6_350X8d03.jpg]
[cdn.shopify.com/s/files/1/0267/5979/0615/products/shop-4_350Xf5ee.jpg]
[cdn.shopify.com/s/files/1/0267/5979/0615/articles/blog-7_26e770c2-9f13-4464-a882-8f8d8a11ea59f50c.jpg]
[yummi-theme.myshopify.com/blogs/news/low-calorie-kung-pao-shrimp.html]
[cdn.shopify.com/s/files/1/0267/5979/0615/articles/blog-6_dac054b6-9bf2-4dbb-b4ed-b7f6a773da0fa6eb.jpg]
[yummi-theme.myshopify.com/blogs/news/secret-behind-sushi-and-sashimi.html]
[cdn.shopify.com/s/files/1/0267/5979/0615/articles/blog-4_7122a436-9a44-43e4-aca3-80915fb2621ba0b6.jpg]
[yummi-theme.myshopify.com/blogs/news/mouth-watering-full-english-breakfast.html]
[yummi-theme.myshopify.com/blogs/news/vitamin-rich-rainbow-orzo-salad.html]
[cdn.shopify.com/s/files/1/0267/5979/0615/articles/blog-5_e0846e15-77ae-423a-967b-1e39ff5544f557af.jpg]
[yummi-theme.myshopify.com/blogs/news/simple-authentic-ingredient-recipes.html]
[cdn.shopify.com/s/files/1/0267/5979/0615/articles/blog-3_51fb40b4-b66e-421a-9933-de65b79904e9fa66.jpg]
[yummi-theme.myshopify.com/blogs/news.html]
[yummi-theme.myshopify.com/pages/faqs.html]
[yummi-theme.myshopify.com/pages/contact-us.html]
[yummi-theme.myshopify.com/pages/wishlist.html]
[cdn.shopify.com/shopifycloud/shopify/assets/themes_support/shopify_common-8ea6ac3faf357236a97f5de749df4da6e8436ca107bc3a4ee805cbf08bc47392.js]
[yummi-theme.myshopify.com/account/POST.33f.delayed]
[yummi-theme.myshopify.com/account/login.html]
[yummi-theme.myshopify.com/account/register.html]
[cdn.shopify.com/s/global/search.css]
[yummi-theme.myshopify.com/search.html]
[cdn.shopify.com/s/files/1/0267/5979/0615/t/3/assets/swiper8255.css]
[yummi-theme.myshopify.com/collections/indian/products/POST.347.delayed]
[yummi-theme.myshopify.com/collections/indian/products/salisbury-steak.html]
[yummi-theme.myshopify.com/salisbury-steak.html]
[yummi-theme.myshopify.com/collections/indian/products/english-breakfast.html]
[yummi-theme.myshopify.com/english-breakfast.html]
[yummi-theme.myshopify.com/collections/indian/products/buldak.html]
[yummi-theme.myshopify.com/buldak.html]
[yummi-theme.myshopify.com/collections/indian/products/greek-salad.html]
[yummi-theme.myshopify.com/greek-salad.html]
[yummi-theme.myshopify.com/collections/indian/products/garlic-prime-rib.html]
[yummi-theme.myshopify.com/garlic-prime-rib.html]
[yummi-theme.myshopify.com/collections/indian/products/crispy-chicken-wings.html]
[yummi-theme.myshopify.com/crispy-chicken-wings.html]
[yummi-theme.myshopify.com/collections/indian/products/creamed-chipped-beef.html]
[yummi-theme.myshopify.com/creamed-chipped-beef.html]
[yummi-theme.myshopify.com/collections/indian/products/mexican-black-bean-salad.html]
[yummi-theme.myshopify.com/mexican-black-bean-salad.html]
[yummi-theme.myshopify.com/collections/indian/products/chicken-popcorn.html]
[yummi-theme.myshopify.com/chicken-popcorn.html]
[yummi-theme.myshopify.com/collections/indian/products/spaghetti-aglio.html]
[yummi-theme.myshopify.com/spaghetti-aglio.html]
[yummi-theme.myshopify.com/collections/indian/products/creamy-vegetable-salad.html]
[yummi-theme.myshopify.com/creamy-vegetable-salad.html]
[yummi-theme.myshopify.com/collections/indian/products/galouti-kebab.html]
[yummi-theme.myshopify.com/galouti-kebab.html]
[yummi-theme.myshopify.com/collections/indian/products/cobb-salad.html]
[yummi-theme.myshopify.com/cobb-salad.html]
[cdn.shopify.com/s/files/1/0267/5979/0615/products/shop-16_grande97c2.jpg]
[cdn.shopify.com/s/files/1/0267/5979/0615/products/shop-16_medium97c2.jpg]
[yummi-theme.myshopify.com/products/rigatoni-alla-carbonara.oembed]
[cdn.shopify.com/s/files/1/0267/5979/0615/products/shop-1697c2.jpg]
[yummi-theme.myshopify.com/collections/indian/products/rigatoni-alla-carbonara.html]
[yummi-theme.myshopify.com/rigatoni-alla-carbonara.html]
[yummi-theme.myshopify.com/collections/indian/products/penne-alla-vodka.html]
[yummi-theme.myshopify.com/penne-alla-vodka.html]
[yummi-theme.myshopify.com/collections/indian/products/grilled-fish-with-chips.html]
[yummi-theme.myshopify.com/grilled-fish-with-chips.html]
[yummi-theme.myshopify.com/collections/indian/products/green-chicken-salad.html]
[yummi-theme.myshopify.com/green-chicken-salad.html]
[yummi-theme.myshopify.com/collections/indian/products/beef-steaks.html]
[yummi-theme.myshopify.com/beef-steaks.html]
[yummi-theme.myshopify.com/collections/indian/products/fried-egg-sausage.html]
[yummi-theme.myshopify.com/fried-egg-sausage.html]
[yummi-theme.myshopify.com/collections/indian/products/risotto.html]
[yummi-theme.myshopify.com/risotto.html]
[yummi-theme.myshopify.com/collections/italian/products/POST.3c4.delayed]
[yummi-theme.myshopify.com/collections/italian/products/scrambled-eggs.html]
[yummi-theme.myshopify.com/scrambled-eggs.html]
[yummi-theme.myshopify.com/collections/italian/products/thai-tom-yum-soup.html]
[yummi-theme.myshopify.com/thai-tom-yum-soup.html]
[yummi-theme.myshopify.com/collections/italian/products/spaghetti-aglio.html]
[yummi-theme.myshopify.com/collections/italian/products/rigatoni-alla-carbonara.html]
[yummi-theme.myshopify.com/collections/italian/products/penne-alla-vodka.html]
[yummi-theme.myshopify.com/collections/italian/products/salisbury-steak.html]
[yummi-theme.myshopify.com/collections/italian/products/creamy-vegetable-salad.html]
[yummi-theme.myshopify.com/collections/italian/products/cobb-salad.html]
[yummi-theme.myshopify.com/collections/italian/products/chicken-popcorn.html]
[yummi-theme.myshopify.com/collections/italian/products/crispy-chicken-wings.html]
[yummi-theme.myshopify.com/collections/italian/products/english-breakfast.html]
[yummi-theme.myshopify.com/collections/italian/products/creamed-chipped-beef.html]
[yummi-theme.myshopify.com/collections/italian/products/buldak.html]
[yummi-theme.myshopify.com/collections/italian/products/beef-steaks.html]
[yummi-theme.myshopify.com/collections/thai/products/POST]
[yummi-theme.myshopify.com/collections/thai/products/greek-salad.html]
[yummi-theme.myshopify.com/collections/thai/products/salisbury-steak.html]
[yummi-theme.myshopify.com/collections/thai/products/risotto.html]
[yummi-theme.myshopify.com/collections/thai/products/scrambled-eggs.html]
[yummi-theme.myshopify.com/collections/thai/products/garlic-prime-rib.html]
[yummi-theme.myshopify.com/collections/thai/products/thai-tom-yum-soup.html]
[yummi-theme.myshopify.com/collections/thai/products/spaghetti-aglio.html]
[yummi-theme.myshopify.com/collections/thai/products/galouti-kebab.html]
[yummi-theme.myshopify.com/collections/thai/products/rigatoni-alla-carbonara.html]
[yummi-theme.myshopify.com/collections/thai/products/penne-alla-vodka.html]
[yummi-theme.myshopify.com/collections/thai/products/grilled-fish-with-chips.html]
[yummi-theme.myshopify.com/collections/thai/products/green-chicken-salad.html]
[yummi-theme.myshopify.com/collections/thai/products/mexican-black-bean-salad.html]
[yummi-theme.myshopify.com/collections/thai/products/crispy-chicken-wings.html]
[yummi-theme.myshopify.com/pages/shipping-details.html]
[cdn.shopify.com/s/files/1/0267/5979/0615/t/3/assets/empty-cart6052.png]
[yummi-theme.myshopify.com/cart.html]
[cdn.shopify.com/s/files/1/0267/5979/0615/t/3/assets/ico-selectf30c.svg]
[cdn.shopify.com/s/files/1/0267/5979/0615/t/3/assets/icons5a4b.html]
[cdn.shopify.com/s/files/1/0267/5979/0615/t/3/assets/icons5a4b-2.html]
[cdn.shopify.com/s/files/1/0267/5979/0615/t/3/assets/icons5a4b-3.html]
[cdn.shopify.com/s/files/1/0267/5979/0615/t/3/assets/icons0672.svg]
[cdn.shopify.com/s/files/1/0267/5979/0615/t/3/assets/preloader5a4b.html]
[cdn.shopify.com/s/files/1/0267/5979/0615/t/3/assets/product-arrow5a4b.html]
[cdn.shopify.com/s/files/1/0267/5979/0615/t/3/assets/owl.video.play.html]
[cdn.shopify.com/s/files/1/0267/5979/0615/t/3/assets/icons_new14.html]
[cdn.shopify.com/s/files/1/0267/5979/0615/t/3/assets/prev-horizontal.html]
[cdn.shopify.com/s/files/1/0267/5979/0615/t/3/assets/fancybox-x.html]
[cdn.shopify.com/s/files/1/0267/5979/0615/t/3/assets/sprite_x.html]
[cdn.shopify.com/s/files/1/0267/5979/0615/t/3/assets/sprite_y.html]
[cdn.shopify.com/s/files/1/0267/5979/0615/t/3/assets/sprite_next.html]
[cdn.shopify.com/s/files/1/0267/5979/0615/t/3/assets/sprite_prev.html]
[cdn.shopify.com/s/files/1/0267/5979/0615/t/3/assets/default_thumb.html]
[cdn.shopify.com/s/files/1/0267/5979/0615/t/3/assets/loader.html]
[cdn.shopify.com/s/files/1/0267/5979/0615/t/3/assets/btnNext.html]
[cdn.shopify.com/s/files/1/0267/5979/0615/t/3/assets/btnPrevious.html]
[cdn.shopify.com/s/files/1/0267/5979/0615/t/3/assets/contentPattern.html]
[cdn.shopify.com/s/files/1/0267/5979/0615/t/3/assets/dark_rounded/sprite.html]
[cdn.shopify.com/s/files/1/0267/5979/0615/t/3/assets/contentPatternTop.html]
[cdn.shopify.com/s/files/1/0267/5979/0615/t/3/assets/contentPatternLeft.html]
[cdn.shopify.com/s/files/1/0267/5979/0615/t/3/assets/contentPatternRight.html]
[cdn.shopify.com/s/files/1/0267/5979/0615/t/3/assets/facebook/sprite.html]
[cdn.shopify.com/s/files/1/0267/5979/0615/t/3/images/prettyPhoto/facebook/sprite.html]
[cdn.shopify.com/s/files/1/0267/5979/0615/t/3/assets/contentPatternBottom.html]
[cdn.shopify.com/s/files/1/0267/5979/0615/t/3/assets/default_thumbnail.html]
[cdn.shopify.com/s/files/1/0267/5979/0615/t/3/assets/fa-brands-400.svg]
[cdn.shopify.com/s/files/1/0267/5979/0615/t/3/assets/fa-regular-400.svg]
[cdn.shopify.com/s/files/1/0267/5979/0615/t/3/assets/fa-solid-900.html]
[yummi-theme.myshopify.com/collections/indian2679.html]
[yummi-theme.myshopify.com/collections/indian4658.html]
[yummi-theme.myshopify.com/collections/POST.html]
[yummi-theme.myshopify.com/collections/manual.html]
[yummi-theme.myshopify.com/collections/price-ascending.html]
[yummi-theme.myshopify.com/collections/price-descending.html]
[yummi-theme.myshopify.com/collections/title-ascending.html]
[yummi-theme.myshopify.com/collections/title-descending.html]
[yummi-theme.myshopify.com/collections/created-ascending.html]
[yummi-theme.myshopify.com/collections/created-descending.html]
[yummi-theme.myshopify.com/collections/best-selling.html]
[yummi-theme.myshopify.com/collections/salisbury-steak.html]
[yummi-theme.myshopify.com/collections/english-breakfast.html]
[yummi-theme.myshopify.com/collections/buldak.html]
[yummi-theme.myshopify.com/collections/greek-salad.html]
[yummi-theme.myshopify.com/collections/garlic-prime-rib.html]
[yummi-theme.myshopify.com/collections/crispy-chicken-wings.html]
[yummi-theme.myshopify.com/collections/creamed-chipped-beef.html]
[yummi-theme.myshopify.com/collections/mexican-black-bean-salad.html]
[yummi-theme.myshopify.com/collections/chicken-popcorn.html]
[yummi-theme.myshopify.com/collections/spaghetti-aglio.html]
[yummi-theme.myshopify.com/collections/creamy-vegetable-salad.html]
[yummi-theme.myshopify.com/collections/galouti-kebab.html]
[yummi-theme.myshopify.com/products/POST.html]
[yummi-theme.myshopify.com/products/rigatoni-alla-carbonara.html]
[pinterest.com/pin/create/button/index1712.html]
[yummi-theme.myshopify.com/collections/indian4658.oembed]
[yummi-theme.myshopify.com/collections/anhui-cuisine/products/POST]
[yummi-theme.myshopify.com/collections/anhui-cuisine.html]
[yummi-theme.myshopify.com/collections/anhui-cuisine/products/cobb-salad.html]
[yummi-theme.myshopify.com/collections/anhui-cuisine/products/creamed-chipped-beef.html]
[yummi-theme.myshopify.com/collections/anhui-cuisine/products/buldak.html]
[yummi-theme.myshopify.com/collections/anhui-cuisine/products/beef-steaks.html]
[yummi-theme.myshopify.com/products/index.html]
[cdn.shopify.com/s/files/1/0267/5979/0615/t/3/assets/jquery.fancybox.minfa4d.css]
[pinterest.com/pin/create/button/indexe683.html]
[yummi-theme.myshopify.com/collections/anhui-cuisine/products/chicken-popcorn.html]
[pinterest.com/pin/create/button/index6206.html]
[yummi-theme.myshopify.com/collections/fujian-cuisines/products/POST]
[yummi-theme.myshopify.com/collections/fujian-cuisines/products/galouti-kebab.html]
[yummi-theme.myshopify.com/collections/fujian-cuisines/products/crispy-chicken-wings.html]
[yummi-theme.myshopify.com/collections/fujian-cuisines/products/garlic-prime-rib.html]
[yummi-theme.myshopify.com/collections/fujian-cuisines/products/fried-egg-sausage.html]
[pinterest.com/pin/create/button/indexcea1.html]
[yummi-theme.myshopify.com/collections/fujian-cuisines/products/english-breakfast.html]
[pinterest.com/pin/create/button/indexe4ea.html]
[pinterest.com/pin/create/button/indexf8e4.html]
[pinterest.com/pin/create/button/index6f6b.html]
[yummi-theme.myshopify.com/collections/chinese/products/POST]
[yummi-theme.myshopify.com/collections/chinese/products/scrambled-eggs.html]
[yummi-theme.myshopify.com/collections/chinese/products/spaghetti-aglio.html]
[yummi-theme.myshopify.com/collections/chinese/products/rigatoni-alla-carbonara.html]
[yummi-theme.myshopify.com/collections/chinese/products/risotto.html]
[yummi-theme.myshopify.com/collections/chinese/products/salisbury-steak.html]
[pinterest.com/pin/create/button/index89f1.html]
[pinterest.com/pin/create/button/index563c.html]
[pinterest.com/pin/create/button/indexc6ec.html]
[pinterest.com/pin/create/button/index2d2a.html]
[pinterest.com/pin/create/button/index6b54.html]
[pinterest.com/pin/create/button/index0fa9.html]
[yummi-theme.myshopify.com/collections/hunan-cuisines/products/POST.55f.delayed]
[yummi-theme.myshopify.com/collections/hunan-cuisines/products/galouti-kebab.html]
[yummi-theme.myshopify.com/collections/hunan-cuisines/products/green-chicken-salad.html]
[yummi-theme.myshopify.com/collections/hunan-cuisines/products/greek-salad.html]
[yummi-theme.myshopify.com/collections/hunan-cuisines/products/garlic-prime-rib.html]
[pinterest.com/pin/create/button/index9c70.html]
[pinterest.com/pin/create/button/indexcd64.html]
[yummi-theme.myshopify.com/collections/chinese/products/thai-tom-yum-soup.html]
[pinterest.com/pin/create/button/indexd8cc.html]
[pinterest.com/pin/create/button/indexd978.html]
[pinterest.com/pin/create/button/indexecc4.html]
[pinterest.com/pin/create/button/index0ac7.html]
[yummi-theme.myshopify.com/collections/hunan-cuisines/products/grilled-fish-with-chips.html]
[pinterest.com/pin/create/button/index6d09.html]
[pinterest.com/pin/create/button/indexb92c.html]
[yummi-theme.myshopify.com/collections/italian2679.html]
[yummi-theme.myshopify.com/collections/italian4658.oembed]
[yummi-theme.myshopify.com/collections/italian4658.html]
[yummi-theme.myshopify.com/collections/scrambled-eggs.html]
[yummi-theme.myshopify.com/collections/thai-tom-yum-soup.html]
[yummi-theme.myshopify.com/collections/rigatoni-alla-carbonara.html]
[yummi-theme.myshopify.com/collections/penne-alla-vodka.html]
[yummi-theme.myshopify.com/collections/cobb-salad.html]
[yummi-theme.myshopify.com/collections/all2679.html]
[yummi-theme.myshopify.com/collections/all4658.html]
[yummi-theme.myshopify.com/collections/beef-steaks.html]
[yummi-theme.myshopify.com/collections/fried-egg-sausage.html]
[yummi-theme.myshopify.com/collections/thai2679.html]
[yummi-theme.myshopify.com/collections/thai4658.oembed]
[yummi-theme.myshopify.com/collections/thai4658.html]
[yummi-theme.myshopify.com/collections/risotto.html]
[yummi-theme.myshopify.com/collections/grilled-fish-with-chips.html]
[yummi-theme.myshopify.com/collections/green-chicken-salad.html]
[yummi-theme.myshopify.com/collections/shandong-cuisine/products/POST]
[yummi-theme.myshopify.com/collections/shandong-cuisine/products/garlic-prime-rib.html]
[yummi-theme.myshopify.com/collections/shandong-cuisine/products/galouti-kebab.html]
[yummi-theme.myshopify.com/collections/shandong-cuisine/products/crispy-chicken-wings.html]
[yummi-theme.myshopify.com/collections/shandong-cuisine/products/english-breakfast.html]
[yummi-theme.myshopify.com/collections/shandong-cuisine/products/fried-egg-sausage.html]
[yummi-theme.myshopify.com/collections/sichuan-cuisine/products/POST]
[yummi-theme.myshopify.com/collections/sichuan-cuisine/products/greek-salad.html]
[yummi-theme.myshopify.com/collections/sichuan-cuisine/products/garlic-prime-rib.html]
[yummi-theme.myshopify.com/collections/sichuan-cuisine/products/grilled-fish-with-chips.html]
[yummi-theme.myshopify.com/collections/sichuan-cuisine/products/green-chicken-salad.html]
[yummi-theme.myshopify.com/collections/sichuan-cuisine/products/mexican-black-bean-salad.html]
[yummi-theme.myshopify.com/collections/menus2679.html]
[yummi-theme.myshopify.com/collections/menus4658.oembed]
[yummi-theme.myshopify.com/collections/menus/products/fried-egg-sausage.html]
[yummi-theme.myshopify.com/collections/menus/products/english-breakfast.html]
[yummi-theme.myshopify.com/collections/menus/products/creamy-vegetable-salad.html]
[yummi-theme.myshopify.com/collections/menus/products/creamed-chipped-beef.html]
[yummi-theme.myshopify.com/collections/menus/products/cobb-salad.html]
[yummi-theme.myshopify.com/collections/menus/products/chicken-popcorn.html]
[yummi-theme.myshopify.com/collections/menus4658.html]
[yummi-theme.myshopify.com/collections/menus/products/buldak.html]
[yummi-theme.myshopify.com/collections/menus/products/POST]
[yummi-theme.myshopify.com/collections/menus/products/beef-steaks.html]
[yummi-theme.myshopify.com/collections/menus/products/greek-salad.html]
[yummi-theme.myshopify.com/collections/menus/products/salisbury-steak.html]
[yummi-theme.myshopify.com/collections/menus/products/risotto.html]
[yummi-theme.myshopify.com/collections/menus/products/scrambled-eggs.html]
[yummi-theme.myshopify.com/collections/menus/products/garlic-prime-rib.html]
[yummi-theme.myshopify.com/collections/menus/products/thai-tom-yum-soup.html]
[yummi-theme.myshopify.com/collections/menus/products/spaghetti-aglio.html]
[yummi-theme.myshopify.com/collections/menus/products/galouti-kebab.html]
[yummi-theme.myshopify.com/collections/menus/products/rigatoni-alla-carbonara.html]
[yummi-theme.myshopify.com/collections/menus/products/penne-alla-vodka.html]
[yummi-theme.myshopify.com/collections/menus/products/grilled-fish-with-chips.html]
[yummi-theme.myshopify.com/collections/menus/products/green-chicken-salad.html]
[yummi-theme.myshopify.com/collections/menus/products/mexican-black-bean-salad.html]
[yummi-theme.myshopify.com/collections/menus/products/crispy-chicken-wings.html]
[yummi-theme.myshopify.com/pages/POST.html]
[yummi-theme.myshopify.com/collections.html]
[yummi-theme.myshopify.com/blogs/news2679.html]
[cdn.shopify.com/s/files/1/0267/5979/0615/articles/blog-232f4.jpg]
[yummi-theme.myshopify.com/blogs/news/the-most-significant-segment-of-thai-cuisine.html]
[yummi-theme.myshopify.com/blogs/news/italian-pizza-with-mushroom-and-sausage.html]
[cdn.shopify.com/s/files/1/0267/5979/0615/articles/blog-1_112fd56e-82e3-412e-a480-875a9a519c6e8bb7.jpg]
[yummi-theme.myshopify.com/blogs/news4658.html]
[yummi-theme.myshopify.com/blogs/POST.html]
[cdn.shopify.com/s/files/1/0267/5979/0615/articles/blog-10_265085f5-4236-4048-b280-8bb096625e74_grandef69c.jpg]
[yummi-theme.myshopify.com/blogs/news/POST]
[yummi-theme.myshopify.com/blogs/news/multi-cuisine-restaurants-in-thailand.html]
[cdn.shopify.com/s/files/1/0267/5979/0615/articles/blog-9_2ade5993-0abf-4930-9c48-ed586bff57b2_grande6c97.jpg]
[yummi-theme.myshopify.com/blogs/news/professional-pasta-school-in-italy.html]
[cdn.shopify.com/s/files/1/0267/5979/0615/articles/blog-8_2f797061-f518-4fd0-9a7c-573e70988ac4_grande41c9.jpg]
[yummi-theme.myshopify.com/blogs/news/italian-traditional-herbs-bread-with-olive.html]
[yummi-theme.myshopify.com/blogs/news/tagged/chicken.atom]
[yummi-theme.myshopify.com/blogs/news/tagged/POST]
[yummi-theme.myshopify.com/blogs/news/tagged/chicken.html]
[yummi-theme.myshopify.com/blogs/news/tagged/cuisine.atom]
[yummi-theme.myshopify.com/blogs/news/tagged/cuisine.html]
[yummi-theme.myshopify.com/blogs/news/tagged/fish.atom]
[yummi-theme.myshopify.com/blogs/news/tagged/cuisine4658.html]
[yummi-theme.myshopify.com/blogs/news/tagged/fish.html]
[yummi-theme.myshopify.com/blogs/news/tagged/italian.html]
[yummi-theme.myshopify.com/blogs/news/tagged/italian.atom]
[yummi-theme.myshopify.com/blogs/news/tagged/meat.html]
[yummi-theme.myshopify.com/blogs/news/tagged/meat.atom]
[yummi-theme.myshopify.com/blogs/news/tagged/pizza.html]
[yummi-theme.myshopify.com/blogs/news/tagged/pizza.atom]
[yummi-theme.myshopify.com/blogs/news/tagged/salad.html]
[yummi-theme.myshopify.com/blogs/news/tagged/salad.atom]
[yummi-theme.myshopify.com/blogs/news/tagged/school.html]
[yummi-theme.myshopify.com/blogs/news/tagged/school.atom]
[yummi-theme.myshopify.com/blogs/news/tagged/thai.html]
[yummi-theme.myshopify.com/blogs/news/tagged/thai.atom]
[yummi-theme.myshopify.com/blogs/news/tagged/vegetable.html]
[yummi-theme.myshopify.com/blogs/news/tagged/vegetable.atom]
[cdn.shopify.com/s/files/1/0267/5979/0615/articles/blog-7_26e770c2-9f13-4464-a882-8f8d8a11ea59_grandef50c.jpg]
[yummi-theme.myshopify.com/blogs/news/low-calorie-kung-pao-shrimp.html]
[cdn.shopify.com/s/files/1/0267/5979/0615/articles/blog-6_dac054b6-9bf2-4dbb-b4ed-b7f6a773da0f_grandea6eb.jpg]
[yummi-theme.myshopify.com/blogs/news/secret-behind-sushi-and-sashimi.html]
[cdn.shopify.com/s/files/1/0267/5979/0615/articles/blog-4_7122a436-9a44-43e4-aca3-80915fb2621b_grandea0b6.jpg]
[yummi-theme.myshopify.com/blogs/news/mouth-watering-full-english-breakfast.html]
[cdn.shopify.com/s/files/1/0267/5979/0615/articles/blog-5_e0846e15-77ae-423a-967b-1e39ff5544f5_grande57af.jpg]
[yummi-theme.myshopify.com/blogs/news/vitamin-rich-rainbow-orzo-salad.html]
[cdn.shopify.com/s/files/1/0267/5979/0615/articles/blog-3_51fb40b4-b66e-421a-9933-de65b79904e9_grandefa66.jpg]
[yummi-theme.myshopify.com/blogs/news/simple-authentic-ingredient-recipes.html]
[yummi-theme.myshopify.com/account/POST.html]
[cdn.shopify.com/s/global/search.css]
[yummi-theme.myshopify.com/collections/indian/products/POST.html]
[pinterest.com/pin/create/button/indexceb1.html]
[yummi-theme.myshopify.com/collections/italian/products/POST.html]
[yummi-theme.myshopify.com/collections/thai/products/POST.html]
[yummi-theme.myshopify.com/collections/indian2679.html]
[pinterest.com/pin/create/button/indexb798.html]
[yummi-theme.myshopify.com/collections/anhui-cuisine/products/POST.html]
[yummi-theme.myshopify.com/collections/anhui-cuisine.atom]
[yummi-theme.myshopify.com/collections/anhui-cuisine.oembed]
[yummi-theme.myshopify.com/collections/anhui-cuisine.html]
[pinterest.com/pin/create/button/indexedb3.html]
[pinterest.com/pin/create/button/index68a0.html]
[yummi-theme.myshopify.com/collections/fujian-cuisines/products/POST.html]
[pinterest.com/pin/create/button/index6234.html]
[pinterest.com/pin/create/button/index3c23.html]
[pinterest.com/pin/create/button/index0d1e.html]
[pinterest.com/pin/create/button/index8277.html]
[yummi-theme.myshopify.com/collections/chinese/products/POST.html]
[pinterest.com/pin/create/button/indexb029.html]
[pinterest.com/pin/create/button/index1bc9.html]
[pinterest.com/pin/create/button/indexe132.html]
[pinterest.com/pin/create/button/indexe791.html]
[pinterest.com/pin/create/button/indexd7b6.html]
[pinterest.com/pin/create/button/index7628.html]
[yummi-theme.myshopify.com/collections/hunan-cuisines/products/POST.html]
[pinterest.com/pin/create/button/index4652.html]
[pinterest.com/pin/create/button/index2324.html]
[pinterest.com/pin/create/button/index388f.html]
[pinterest.com/pin/create/button/index282e.html]
[pinterest.com/pin/create/button/index2622.html]
[pinterest.com/pin/create/button/index7fd1.html]
[pinterest.com/pin/create/button/index6c60.html]
[pinterest.com/pin/create/button/index53d9.html]
[yummi-theme.myshopify.com/collections/italian2679.html]
[yummi-theme.myshopify.com/collections/all2679.html]
[yummi-theme.myshopify.com/collections/thai2679.html]
[yummi-theme.myshopify.com/collections/shandong-cuisine/products/POST.html]
[yummi-theme.myshopify.com/collections/sichuan-cuisine/products/POST.html]
[yummi-theme.myshopify.com/collections/menus2679.html]
[yummi-theme.myshopify.com/collections/menus/products/fried-egg-sausage.html]
[yummi-theme.myshopify.com/collections/menus/products/english-breakfast.html]
[yummi-theme.myshopify.com/collections/menus/products/creamy-vegetable-salad.html]
[yummi-theme.myshopify.com/collections/menus/products/creamed-chipped-beef.html]
[yummi-theme.myshopify.com/collections/menus/products/cobb-salad.html]
[yummi-theme.myshopify.com/collections/menus/products/chicken-popcorn.html]
[yummi-theme.myshopify.com/collections/menus/products/buldak.html]
[yummi-theme.myshopify.com/collections/menus/products/POST.html]
[yummi-theme.myshopify.com/blogs/news2679.html]
[cdn.shopify.com/s/files/1/0267/5979/0615/articles/blog-2_grande32f4.jpg]
[yummi-theme.myshopify.com/blogs/news/the-most-significant-segment-of-thai-cuisine.html]
[cdn.shopify.com/s/files/1/0267/5979/0615/articles/blog-1_112fd56e-82e3-412e-a480-875a9a519c6e_grande8bb7.jpg]
[yummi-theme.myshopify.com/blogs/news/italian-pizza-with-mushroom-and-sausage.html]
[yummi-theme.myshopify.com/blogs/news/POST.html]
[pinterest.com/pin/create/button/indexb553.html]
[pinterest.com/pin/create/button/index12dc.html]
[pinterest.com/pin/create/button/index7749.html]
[yummi-theme.myshopify.com/blogs/news/tagged/POST.html]
[yummi-theme.myshopify.com/blogs/news/tagged/cuisine4658.html]
[pinterest.com/pin/create/button/indexb497.html]
[pinterest.com/pin/create/button/index7ef2.html]
[pinterest.com/pin/create/button/index59d8.html]
[pinterest.com/pin/create/button/indexfd47.html]
[pinterest.com/pin/create/button/index3453.html]
[pinterest.com/pin/create/button/indexca22.html]
[pinterest.com/pin/create/button/indexff5f.html]
[pinterest.com/pin/create/button/index6d6a.html]
[pinterest.com/pin/create/button/indexbdf2.html]
[pinterest.com/pin/create/button/index4b09.html]
[pinterest.com/pin/create/button/indexff29.html]
[yummi-theme.myshopify.com/blogs/news/tagged/cuisine2679.html]
[yummi-theme.myshopify.com/blogs/news/tagged/cuisine2679.html]
[pinterest.com/pin/create/button/index339c.html]
[pinterest.com/pin/create/button/indexb571.html]
[pinterest.com/pin/create/button/indexbc0b.html]
[pinterest.com/pin/create/button/index71de.html]
[pinterest.com/pin/create/button/index8dc4.html]
[pinterest.com/pin/create/button/indexbef0.html]
[pinterest.com/pin/create/button/indexe845.html]
